==55258== Memcheck, a memory error detector
==55258== Copyright (C) 2002-2017, and GNU GPL'd, by Julian Seward et al.
==55258== Using Valgrind-3.15.0 and LibVEX; rerun with -h for copyright info
==55258== Command: /home/nodog/docs/asp/android_native_win_buff/json-c-build/tests/test_set_serializer /home/nodog/docs/asp/android_native_win_buff/json-c/tests
==55258== Parent PID: 55244
==55258== 
==55258== 
==55258== HEAP SUMMARY:
==55258==     in use at exit: 0 bytes in 0 blocks
==55258==   total heap usage: 23 allocs, 23 frees, 6,793 bytes allocated
==55258== 
==55258== All heap blocks were freed -- no leaks are possible
==55258== 
==55258== For lists of detected and suppressed errors, rerun with: -s
==55258== ERROR SUMMARY: 0 errors from 0 contexts (suppressed: 0 from 0)
