==55330== Memcheck, a memory error detector
==55330== Copyright (C) 2002-2017, and GNU GPL'd, by Julian Seward et al.
==55330== Using Valgrind-3.15.0 and LibVEX; rerun with -h for copyright info
==55330== Command: /home/nodog/docs/asp/android_native_win_buff/json-c-build/tests/test_visit /home/nodog/docs/asp/android_native_win_buff/json-c/tests
==55330== Parent PID: 55316
==55330== 
==55330== 
==55330== HEAP SUMMARY:
==55330==     in use at exit: 0 bytes in 0 blocks
==55330==   total heap usage: 76 allocs, 76 frees, 9,746 bytes allocated
==55330== 
==55330== All heap blocks were freed -- no leaks are possible
==55330== 
==55330== For lists of detected and suppressed errors, rerun with: -s
==55330== ERROR SUMMARY: 0 errors from 0 contexts (suppressed: 0 from 0)
