==55186== Memcheck, a memory error detector
==55186== Copyright (C) 2002-2017, and GNU GPL'd, by Julian Seward et al.
==55186== Using Valgrind-3.15.0 and LibVEX; rerun with -h for copyright info
==55186== Command: /home/nodog/docs/asp/android_native_win_buff/json-c-build/tests/test_null /home/nodog/docs/asp/android_native_win_buff/json-c/tests
==55186== Parent PID: 55172
==55186== 
==55186== 
==55186== HEAP SUMMARY:
==55186==     in use at exit: 0 bytes in 0 blocks
==55186==   total heap usage: 11 allocs, 11 frees, 5,866 bytes allocated
==55186== 
==55186== All heap blocks were freed -- no leaks are possible
==55186== 
==55186== For lists of detected and suppressed errors, rerun with: -s
==55186== ERROR SUMMARY: 0 errors from 0 contexts (suppressed: 0 from 0)
