==55276== Memcheck, a memory error detector
==55276== Copyright (C) 2002-2017, and GNU GPL'd, by Julian Seward et al.
==55276== Using Valgrind-3.15.0 and LibVEX; rerun with -h for copyright info
==55276== Command: /home/nodog/docs/asp/android_native_win_buff/json-c-build/tests/test_set_value /home/nodog/docs/asp/android_native_win_buff/json-c/tests
==55276== Parent PID: 55262
==55276== 
==55276== 
==55276== HEAP SUMMARY:
==55276==     in use at exit: 0 bytes in 0 blocks
==55276==   total heap usage: 24 allocs, 24 frees, 6,348 bytes allocated
==55276== 
==55276== All heap blocks were freed -- no leaks are possible
==55276== 
==55276== For lists of detected and suppressed errors, rerun with: -s
==55276== ERROR SUMMARY: 0 errors from 0 contexts (suppressed: 0 from 0)
