==55168== Memcheck, a memory error detector
==55168== Copyright (C) 2002-2017, and GNU GPL'd, by Julian Seward et al.
==55168== Using Valgrind-3.15.0 and LibVEX; rerun with -h for copyright info
==55168== Command: /home/nodog/docs/asp/android_native_win_buff/json-c-build/tests/test_locale /home/nodog/docs/asp/android_native_win_buff/json-c/tests
==55168== Parent PID: 55154
==55168== 
==55168== 
==55168== HEAP SUMMARY:
==55168==     in use at exit: 0 bytes in 0 blocks
==55168==   total heap usage: 33 allocs, 33 frees, 15,861 bytes allocated
==55168== 
==55168== All heap blocks were freed -- no leaks are possible
==55168== 
==55168== For lists of detected and suppressed errors, rerun with: -s
==55168== ERROR SUMMARY: 0 errors from 0 contexts (suppressed: 0 from 0)
