==55078== Memcheck, a memory error detector
==55078== Copyright (C) 2002-2017, and GNU GPL'd, by Julian Seward et al.
==55078== Using Valgrind-3.15.0 and LibVEX; rerun with -h for copyright info
==55078== Command: /home/nodog/docs/asp/android_native_win_buff/json-c-build/tests/test_deep_copy /home/nodog/docs/asp/android_native_win_buff/json-c/tests
==55078== Parent PID: 55064
==55078== 
==55078== 
==55078== HEAP SUMMARY:
==55078==     in use at exit: 0 bytes in 0 blocks
==55078==   total heap usage: 702 allocs, 702 frees, 92,878 bytes allocated
==55078== 
==55078== All heap blocks were freed -- no leaks are possible
==55078== 
==55078== For lists of detected and suppressed errors, rerun with: -s
==55078== ERROR SUMMARY: 0 errors from 0 contexts (suppressed: 0 from 0)
