==55060== Memcheck, a memory error detector
==55060== Copyright (C) 2002-2017, and GNU GPL'd, by Julian Seward et al.
==55060== Using Valgrind-3.15.0 and LibVEX; rerun with -h for copyright info
==55060== Command: /home/nodog/docs/asp/android_native_win_buff/json-c-build/tests/test_compare /home/nodog/docs/asp/android_native_win_buff/json-c/tests
==55060== Parent PID: 55046
==55060== 
==55060== 
==55060== HEAP SUMMARY:
==55060==     in use at exit: 0 bytes in 0 blocks
==55060==   total heap usage: 70 allocs, 70 frees, 9,110 bytes allocated
==55060== 
==55060== All heap blocks were freed -- no leaks are possible
==55060== 
==55060== For lists of detected and suppressed errors, rerun with: -s
==55060== ERROR SUMMARY: 0 errors from 0 contexts (suppressed: 0 from 0)
