==55024== Memcheck, a memory error detector
==55024== Copyright (C) 2002-2017, and GNU GPL'd, by Julian Seward et al.
==55024== Using Valgrind-3.15.0 and LibVEX; rerun with -h for copyright info
==55024== Command: /home/nodog/docs/asp/android_native_win_buff/json-c-build/tests/test_cast /home/nodog/docs/asp/android_native_win_buff/json-c/tests
==55024== Parent PID: 55010
==55024== 
==55024== 
==55024== HEAP SUMMARY:
==55024==     in use at exit: 0 bytes in 0 blocks
==55024==   total heap usage: 69 allocs, 69 frees, 11,215 bytes allocated
==55024== 
==55024== All heap blocks were freed -- no leaks are possible
==55024== 
==55024== For lists of detected and suppressed errors, rerun with: -s
==55024== ERROR SUMMARY: 0 errors from 0 contexts (suppressed: 0 from 0)
