==55114== Memcheck, a memory error detector
==55114== Copyright (C) 2002-2017, and GNU GPL'd, by Julian Seward et al.
==55114== Using Valgrind-3.15.0 and LibVEX; rerun with -h for copyright info
==55114== Command: /home/nodog/docs/asp/android_native_win_buff/json-c-build/tests/test_float /home/nodog/docs/asp/android_native_win_buff/json-c/tests
==55114== Parent PID: 55100
==55114== 
==55114== 
==55114== HEAP SUMMARY:
==55114==     in use at exit: 0 bytes in 0 blocks
==55114==   total heap usage: 16 allocs, 16 frees, 4,576 bytes allocated
==55114== 
==55114== All heap blocks were freed -- no leaks are possible
==55114== 
==55114== For lists of detected and suppressed errors, rerun with: -s
==55114== ERROR SUMMARY: 0 errors from 0 contexts (suppressed: 0 from 0)
