==54970== Memcheck, a memory error detector
==54970== Copyright (C) 2002-2017, and GNU GPL'd, by Julian Seward et al.
==54970== Using Valgrind-3.15.0 and LibVEX; rerun with -h for copyright info
==54970== Command: /home/nodog/docs/asp/android_native_win_buff/json-c-build/tests/test2Formatted spaced pretty pretty_tab
==54970== Parent PID: 54938
==54970== 
==54970== 
==54970== HEAP SUMMARY:
==54970==     in use at exit: 0 bytes in 0 blocks
==54970==   total heap usage: 70 allocs, 70 frees, 11,510 bytes allocated
==54970== 
==54970== All heap blocks were freed -- no leaks are possible
==54970== 
==54970== For lists of detected and suppressed errors, rerun with: -s
==54970== ERROR SUMMARY: 0 errors from 0 contexts (suppressed: 0 from 0)
