==54954== Memcheck, a memory error detector
==54954== Copyright (C) 2002-2017, and GNU GPL'd, by Julian Seward et al.
==54954== Using Valgrind-3.15.0 and LibVEX; rerun with -h for copyright info
==54954== Command: /home/nodog/docs/asp/android_native_win_buff/json-c-build/tests/test2Formatted plain
==54954== Parent PID: 54938
==54954== 
==54954== 
==54954== HEAP SUMMARY:
==54954==     in use at exit: 0 bytes in 0 blocks
==54954==   total heap usage: 70 allocs, 70 frees, 11,510 bytes allocated
==54954== 
==54954== All heap blocks were freed -- no leaks are possible
==54954== 
==54954== For lists of detected and suppressed errors, rerun with: -s
==54954== ERROR SUMMARY: 0 errors from 0 contexts (suppressed: 0 from 0)
