==54962== Memcheck, a memory error detector
==54962== Copyright (C) 2002-2017, and GNU GPL'd, by Julian Seward et al.
==54962== Using Valgrind-3.15.0 and LibVEX; rerun with -h for copyright info
==54962== Command: /home/nodog/docs/asp/android_native_win_buff/json-c-build/tests/test2Formatted pretty
==54962== Parent PID: 54938
==54962== 
==54962== 
==54962== HEAP SUMMARY:
==54962==     in use at exit: 0 bytes in 0 blocks
==54962==   total heap usage: 71 allocs, 71 frees, 12,534 bytes allocated
==54962== 
==54962== All heap blocks were freed -- no leaks are possible
==54962== 
==54962== For lists of detected and suppressed errors, rerun with: -s
==54962== ERROR SUMMARY: 0 errors from 0 contexts (suppressed: 0 from 0)
