==54958== Memcheck, a memory error detector
==54958== Copyright (C) 2002-2017, and GNU GPL'd, by Julian Seward et al.
==54958== Using Valgrind-3.15.0 and LibVEX; rerun with -h for copyright info
==54958== Command: /home/nodog/docs/asp/android_native_win_buff/json-c-build/tests/test2Formatted spaced
==54958== Parent PID: 54938
==54958== 
==54958== 
==54958== HEAP SUMMARY:
==54958==     in use at exit: 0 bytes in 0 blocks
==54958==   total heap usage: 70 allocs, 70 frees, 11,510 bytes allocated
==54958== 
==54958== All heap blocks were freed -- no leaks are possible
==54958== 
==54958== For lists of detected and suppressed errors, rerun with: -s
==54958== ERROR SUMMARY: 0 errors from 0 contexts (suppressed: 0 from 0)
