==55348== Memcheck, a memory error detector
==55348== Copyright (C) 2002-2017, and GNU GPL'd, by Julian Seward et al.
==55348== Using Valgrind-3.15.0 and LibVEX; rerun with -h for copyright info
==55348== Command: /home/nodog/docs/asp/android_native_win_buff/json-c-build/tests/test_object_iterator /home/nodog/docs/asp/android_native_win_buff/json-c/tests
==55348== Parent PID: 55334
==55348== 
==55348== 
==55348== HEAP SUMMARY:
==55348==     in use at exit: 0 bytes in 0 blocks
==55348==   total heap usage: 43 allocs, 43 frees, 7,239 bytes allocated
==55348== 
==55348== All heap blocks were freed -- no leaks are possible
==55348== 
==55348== For lists of detected and suppressed errors, rerun with: -s
==55348== ERROR SUMMARY: 0 errors from 0 contexts (suppressed: 0 from 0)
