==55150== Memcheck, a memory error detector
==55150== Copyright (C) 2002-2017, and GNU GPL'd, by Julian Seward et al.
==55150== Using Valgrind-3.15.0 and LibVEX; rerun with -h for copyright info
==55150== Command: /home/nodog/docs/asp/android_native_win_buff/json-c-build/tests/test_json_pointer /home/nodog/docs/asp/android_native_win_buff/json-c/tests
==55150== Parent PID: 55136
==55150== 
==55150== 
==55150== HEAP SUMMARY:
==55150==     in use at exit: 0 bytes in 0 blocks
==55150==   total heap usage: 425 allocs, 425 frees, 38,923 bytes allocated
==55150== 
==55150== All heap blocks were freed -- no leaks are possible
==55150== 
==55150== For lists of detected and suppressed errors, rerun with: -s
==55150== ERROR SUMMARY: 0 errors from 0 contexts (suppressed: 0 from 0)
