==55294== Memcheck, a memory error detector
==55294== Copyright (C) 2002-2017, and GNU GPL'd, by Julian Seward et al.
==55294== Using Valgrind-3.15.0 and LibVEX; rerun with -h for copyright info
==55294== Command: /home/nodog/docs/asp/android_native_win_buff/json-c-build/tests/test_strerror /home/nodog/docs/asp/android_native_win_buff/json-c/tests
==55294== Parent PID: 55280
==55294== 
==55294== 
==55294== HEAP SUMMARY:
==55294==     in use at exit: 0 bytes in 0 blocks
==55294==   total heap usage: 1 allocs, 1 frees, 4,096 bytes allocated
==55294== 
==55294== All heap blocks were freed -- no leaks are possible
==55294== 
==55294== For lists of detected and suppressed errors, rerun with: -s
==55294== ERROR SUMMARY: 0 errors from 0 contexts (suppressed: 0 from 0)
