==55042== Memcheck, a memory error detector
==55042== Copyright (C) 2002-2017, and GNU GPL'd, by Julian Seward et al.
==55042== Using Valgrind-3.15.0 and LibVEX; rerun with -h for copyright info
==55042== Command: /home/nodog/docs/asp/android_native_win_buff/json-c-build/tests/test_charcase /home/nodog/docs/asp/android_native_win_buff/json-c/tests
==55042== Parent PID: 55028
==55042== 
==55042== 
==55042== HEAP SUMMARY:
==55042==     in use at exit: 0 bytes in 0 blocks
==55042==   total heap usage: 11 allocs, 11 frees, 6,632 bytes allocated
==55042== 
==55042== All heap blocks were freed -- no leaks are possible
==55042== 
==55042== For lists of detected and suppressed errors, rerun with: -s
==55042== ERROR SUMMARY: 0 errors from 0 contexts (suppressed: 0 from 0)
