==55096== Memcheck, a memory error detector
==55096== Copyright (C) 2002-2017, and GNU GPL'd, by Julian Seward et al.
==55096== Using Valgrind-3.15.0 and LibVEX; rerun with -h for copyright info
==55096== Command: /home/nodog/docs/asp/android_native_win_buff/json-c-build/tests/test_double_serializer /home/nodog/docs/asp/android_native_win_buff/json-c/tests
==55096== Parent PID: 55082
==55096== 
==55096== 
==55096== HEAP SUMMARY:
==55096==     in use at exit: 0 bytes in 0 blocks
==55096==   total heap usage: 32 allocs, 32 frees, 4,997 bytes allocated
==55096== 
==55096== All heap blocks were freed -- no leaks are possible
==55096== 
==55096== For lists of detected and suppressed errors, rerun with: -s
==55096== ERROR SUMMARY: 0 errors from 0 contexts (suppressed: 0 from 0)
