==55222== Memcheck, a memory error detector
==55222== Copyright (C) 2002-2017, and GNU GPL'd, by Julian Seward et al.
==55222== Using Valgrind-3.15.0 and LibVEX; rerun with -h for copyright info
==55222== Command: /home/nodog/docs/asp/android_native_win_buff/json-c-build/tests/test_parse_int64 /home/nodog/docs/asp/android_native_win_buff/json-c/tests
==55222== Parent PID: 55208
==55222== 
==55222== 
==55222== HEAP SUMMARY:
==55222==     in use at exit: 0 bytes in 0 blocks
==55222==   total heap usage: 1 allocs, 1 frees, 4,096 bytes allocated
==55222== 
==55222== All heap blocks were freed -- no leaks are possible
==55222== 
==55222== For lists of detected and suppressed errors, rerun with: -s
==55222== ERROR SUMMARY: 0 errors from 0 contexts (suppressed: 0 from 0)
