==54926== Memcheck, a memory error detector
==54926== Copyright (C) 2002-2017, and GNU GPL'd, by Julian Seward et al.
==54926== Using Valgrind-3.15.0 and LibVEX; rerun with -h for copyright info
==54926== Command: /home/nodog/docs/asp/android_native_win_buff/json-c-build/tests/test1Formatted pretty
==54926== Parent PID: 54902
==54926== 
==54926== 
==54926== HEAP SUMMARY:
==54926==     in use at exit: 0 bytes in 0 blocks
==54926==   total heap usage: 231 allocs, 231 frees, 14,325 bytes allocated
==54926== 
==54926== All heap blocks were freed -- no leaks are possible
==54926== 
==54926== For lists of detected and suppressed errors, rerun with: -s
==54926== ERROR SUMMARY: 0 errors from 0 contexts (suppressed: 0 from 0)
