==54914== Memcheck, a memory error detector
==54914== Copyright (C) 2002-2017, and GNU GPL'd, by Julian Seward et al.
==54914== Using Valgrind-3.15.0 and LibVEX; rerun with -h for copyright info
==54914== Command: /home/nodog/docs/asp/android_native_win_buff/json-c-build/tests/test1
==54914== Parent PID: 54902
==54914== 
==54914== 
==54914== HEAP SUMMARY:
==54914==     in use at exit: 0 bytes in 0 blocks
==54914==   total heap usage: 171 allocs, 171 frees, 13,863 bytes allocated
==54914== 
==54914== All heap blocks were freed -- no leaks are possible
==54914== 
==54914== For lists of detected and suppressed errors, rerun with: -s
==54914== ERROR SUMMARY: 0 errors from 0 contexts (suppressed: 0 from 0)
