==54934== Memcheck, a memory error detector
==54934== Copyright (C) 2002-2017, and GNU GPL'd, by Julian Seward et al.
==54934== Using Valgrind-3.15.0 and LibVEX; rerun with -h for copyright info
==54934== Command: /home/nodog/docs/asp/android_native_win_buff/json-c-build/tests/test1Formatted spaced pretty pretty_tab
==54934== Parent PID: 54902
==54934== 
==54934== 
==54934== HEAP SUMMARY:
==54934==     in use at exit: 0 bytes in 0 blocks
==54934==   total heap usage: 231 allocs, 231 frees, 14,310 bytes allocated
==54934== 
==54934== All heap blocks were freed -- no leaks are possible
==54934== 
==54934== For lists of detected and suppressed errors, rerun with: -s
==54934== ERROR SUMMARY: 0 errors from 0 contexts (suppressed: 0 from 0)
