==54922== Memcheck, a memory error detector
==54922== Copyright (C) 2002-2017, and GNU GPL'd, by Julian Seward et al.
==54922== Using Valgrind-3.15.0 and LibVEX; rerun with -h for copyright info
==54922== Command: /home/nodog/docs/asp/android_native_win_buff/json-c-build/tests/test1Formatted spaced
==54922== Parent PID: 54902
==54922== 
==54922== 
==54922== HEAP SUMMARY:
==54922==     in use at exit: 0 bytes in 0 blocks
==54922==   total heap usage: 231 allocs, 231 frees, 14,291 bytes allocated
==54922== 
==54922== All heap blocks were freed -- no leaks are possible
==54922== 
==54922== For lists of detected and suppressed errors, rerun with: -s
==54922== ERROR SUMMARY: 0 errors from 0 contexts (suppressed: 0 from 0)
