==55312== Memcheck, a memory error detector
==55312== Copyright (C) 2002-2017, and GNU GPL'd, by Julian Seward et al.
==55312== Using Valgrind-3.15.0 and LibVEX; rerun with -h for copyright info
==55312== Command: /home/nodog/docs/asp/android_native_win_buff/json-c-build/tests/test_util_file /home/nodog/docs/asp/android_native_win_buff/json-c/tests
==55312== Parent PID: 55298
==55312== 
==55312== 
==55312== HEAP SUMMARY:
==55312==     in use at exit: 0 bytes in 0 blocks
==55312==   total heap usage: 206 allocs, 206 frees, 31,159 bytes allocated
==55312== 
==55312== All heap blocks were freed -- no leaks are possible
==55312== 
==55312== For lists of detected and suppressed errors, rerun with: -s
==55312== ERROR SUMMARY: 0 errors from 0 contexts (suppressed: 0 from 0)
