==55204== Memcheck, a memory error detector
==55204== Copyright (C) 2002-2017, and GNU GPL'd, by Julian Seward et al.
==55204== Using Valgrind-3.15.0 and LibVEX; rerun with -h for copyright info
==55204== Command: /home/nodog/docs/asp/android_native_win_buff/json-c-build/tests/test_parse /home/nodog/docs/asp/android_native_win_buff/json-c/tests
==55204== Parent PID: 55190
==55204== 
==55204== 
==55204== HEAP SUMMARY:
==55204==     in use at exit: 0 bytes in 0 blocks
==55204==   total heap usage: 1,695 allocs, 1,695 frees, 287,285 bytes allocated
==55204== 
==55204== All heap blocks were freed -- no leaks are possible
==55204== 
==55204== For lists of detected and suppressed errors, rerun with: -s
==55204== ERROR SUMMARY: 0 errors from 0 contexts (suppressed: 0 from 0)
